00000000-00000000 : Reserved
00000000-00000000 : System RAM
00000000-00000000 : Reserved
00000000-00000000 : System RAM
00000000-00000000 : Reserved
00000000-00000000 : PCI Bus 0000:00
00000000-00000000 : PCI Bus 0000:00
00000000-00000000 : PCI Bus 0000:00
00000000-00000000 : PCI Bus 0000:00
00000000-00000000 : PCI Bus 0000:00
00000000-00000000 : PCI Bus 0000:00
00000000-00000000 : PCI Bus 0000:00
00000000-00000000 : PCI Bus 0000:00
00000000-00000000 : PCI Bus 0000:00
00000000-00000000 : System ROM
00000000-00000000 : System RAM
00000000-00000000 : System RAM
00000000-00000000 : System RAM
00000000-00000000 : System RAM
00000000-00000000 : System RAM
00000000-00000000 : Reserved
00000000-00000000 : System RAM
00000000-00000000 : Reserved
00000000-00000000 : ACPI Non-volatile Storage
00000000-00000000 : ACPI Tables
00000000-00000000 : System RAM
00000000-00000000 : RAM buffer
00000000-00000000 : Reserved
  00000000-00000000 : Graphics Stolen Memory
00000000-00000000 : PCI Bus 0000:00
  00000000-00000000 : pnp 00:04
  00000000-00000000 : pnp 00:04
  00000000-00000000 : PCI Bus 0000:0a
    00000000-00000000 : 0000:0a:00.0
    00000000-00000000 : 0000:0a:00.0
  00000000-00000000 : PCI Bus 0000:02
  00000000-00000000 : 0000:00:02.0
  00000000-00000000 : PCI Bus 0000:0a
    00000000-00000000 : 0000:0a:00.0
  00000000-00000000 : PCI Bus 0000:02
  00000000-00000000 : PCI Bus 0000:09
    00000000-00000000 : 0000:09:00.0
    00000000-00000000 : 0000:09:00.0
      00000000-00000000 : r8169
  00000000-00000000 : PCI Bus 0000:08
    00000000-00000000 : 0000:08:00.0
      00000000-00000000 : rtl_pci
  00000000-00000000 : 0000:00:14.0
    00000000-00000000 : xhci-hcd
  00000000-00000000 : 0000:00:04.0
  00000000-00000000 : 0000:00:03.0
    00000000-00000000 : ICH HD audio
  00000000-00000000 : 0000:00:1b.0
    00000000-00000000 : ICH HD audio
  00000000-00000000 : 0000:00:1f.2
    00000000-00000000 : ahci
  00000000-00000000 : 0000:00:1f.3
  00000000-00000000 : 0000:00:16.0
    00000000-00000000 : mei_me
  00000000-00000000 : 0000:00:02.0
  00000000-00000000 : PCI MMCONFIG 0000 [bus 00-ff]
    00000000-00000000 : Reserved
      00000000-00000000 : pnp 00:04
00000000-00000000 : Reserved
00000000-00000000 : Reserved
  00000000-00000000 : IOAPIC 0
00000000-00000000 : HPET 0
  00000000-00000000 : PNP0103:00
00000000-00000000 : Reserved
  00000000-00000000 : pnp 00:04
  00000000-00000000 : pnp 00:04
  00000000-00000000 : pnp 00:04
00000000-00000000 : Reserved
  00000000-00000000 : pnp 00:04
    00000000-00000000 : iTCO_wdt.1.auto
    00000000-00000000 : intel-spi
00000000-00000000 : pnp 00:04
00000000-00000000 : pnp 00:04
00000000-00000000 : dmar0
00000000-00000000 : dmar1
00000000-00000000 : Local APIC
  00000000-00000000 : Reserved
00000000-00000000 : INT0800:00
  00000000-00000000 : Reserved
00000000-00000000 : System RAM
  00000000-00000000 : Kernel code
  00000000-00000000 : Kernel data
  00000000-00000000 : Kernel bss
00000000-00000000 : RAM buffer
